// Jest Snapshot v1, https://goo.gl/fbAQLP

exports[`constrcutor standings 1`] = `
[
  {
    "points": 276,
    "position": 1,
    "team": "Red Bull Racing Honda RBPT",
  },
  {
    "points": 252,
    "position": 2,
    "team": "Ferrari",
  },
  {
    "points": 184,
    "position": 3,
    "team": "McLaren Mercedes",
  },
  {
    "points": 96,
    "position": 4,
    "team": "Mercedes",
  },
  {
    "points": 44,
    "position": 5,
    "team": "Aston Martin Aramco Mercedes",
  },
  {
    "points": 24,
    "position": 6,
    "team": "RB Honda RBPT",
  },
  {
    "points": 7,
    "position": 7,
    "team": "Haas Ferrari",
  },
  {
    "points": 2,
    "position": 8,
    "team": "Williams Mercedes",
  },
  {
    "points": 2,
    "position": 9,
    "team": "Alpine Renault",
  },
  {
    "points": 0,
    "position": 10,
    "team": "Kick Sauber Ferrari",
  },
]
`;
