// Jest Snapshot v1, https://goo.gl/fbAQLP

exports[`constrcutor standings 1`] = `
[
  {
    "points": 417,
    "position": 1,
    "team": "McLaren",
  },
  {
    "points": 210,
    "position": 2,
    "team": "Ferrari",
  },
  {
    "points": 209,
    "position": 3,
    "team": "Mercedes",
  },
  {
    "points": 162,
    "position": 4,
    "team": "Red Bull Racing",
  },
  {
    "points": 55,
    "position": 5,
    "team": "Williams",
  },
  {
    "points": 36,
    "position": 6,
    "team": "Racing Bulls",
  },
  {
    "points": 29,
    "position": 7,
    "team": "Haas",
  },
  {
    "points": 28,
    "position": 8,
    "team": "Aston Martin",
  },
  {
    "points": 26,
    "position": 9,
    "team": "Kick Sauber",
  },
  {
    "points": 11,
    "position": 10,
    "team": "Alpine",
  },
]
`;
