// Jest Snapshot v1, https://goo.gl/fbAQLP

exports[`driver standings 1`] = `
[
  {
    "driver": "Oscar Piastri",
    "nationality": "AUS",
    "points": 198,
    "position": 1,
    "team": "McLaren",
  },
  {
    "driver": "Lando Norris",
    "nationality": "GBR",
    "points": 176,
    "position": 2,
    "team": "McLaren",
  },
  {
    "driver": "Max Verstappen",
    "nationality": "NED",
    "points": 155,
    "position": 3,
    "team": "Red Bull Racing",
  },
  {
    "driver": "George Russell",
    "nationality": "GBR",
    "points": 136,
    "position": 4,
    "team": "Mercedes",
  },
  {
    "driver": "Charles Leclerc",
    "nationality": "MON",
    "points": 104,
    "position": 5,
    "team": "Ferrari",
  },
  {
    "driver": "Lewis Hamilton",
    "nationality": "GBR",
    "points": 79,
    "position": 6,
    "team": "Ferrari",
  },
  {
    "driver": "Kimi Antonelli",
    "nationality": "ITA",
    "points": 63,
    "position": 7,
    "team": "Mercedes",
  },
  {
    "driver": "Alexander Albon",
    "nationality": "THA",
    "points": 42,
    "position": 8,
    "team": "Williams",
  },
  {
    "driver": "Esteban Ocon",
    "nationality": "FRA",
    "points": 22,
    "position": 9,
    "team": "Haas",
  },
  {
    "driver": "Isack Hadjar",
    "nationality": "FRA",
    "points": 21,
    "position": 10,
    "team": "Racing Bulls",
  },
  {
    "driver": "Nico Hulkenberg",
    "nationality": "GER",
    "points": 20,
    "position": 11,
    "team": "Kick Sauber",
  },
  {
    "driver": "Lance Stroll",
    "nationality": "CAN",
    "points": 14,
    "position": 12,
    "team": "Aston Martin",
  },
  {
    "driver": "Carlos Sainz",
    "nationality": "ESP",
    "points": 13,
    "position": 13,
    "team": "Williams",
  },
  {
    "driver": "Pierre Gasly",
    "nationality": "FRA",
    "points": 11,
    "position": 14,
    "team": "Alpine",
  },
  {
    "driver": "Yuki Tsunoda",
    "nationality": "JPN",
    "points": 10,
    "position": 15,
    "team": "Red Bull Racing",
  },
  {
    "driver": "Fernando Alonso",
    "nationality": "ESP",
    "points": 8,
    "position": 16,
    "team": "Aston Martin",
  },
  {
    "driver": "Oliver Bearman",
    "nationality": "GBR",
    "points": 6,
    "position": 17,
    "team": "Haas",
  },
  {
    "driver": "Liam Lawson",
    "nationality": "NZL",
    "points": 4,
    "position": 18,
    "team": "Racing Bulls",
  },
  {
    "driver": "Gabriel Bortoleto",
    "nationality": "BRA",
    "points": 0,
    "position": 19,
    "team": "Kick Sauber",
  },
  {
    "driver": "Franco Colapinto",
    "nationality": "ARG",
    "points": 0,
    "position": 20,
    "team": "Alpine",
  },
  {
    "driver": "Jack Doohan",
    "nationality": "AUS",
    "points": 0,
    "position": 21,
    "team": "Alpine",
  },
]
`;
