// Jest Snapshot v1, https://goo.gl/fbAQLP

exports[`current driver lineup 1`] = `
[
  {
    "driverImage": "https://media.formula1.com/d_driver_fallback_image.png/content/dam/fom-website/drivers/M/MAXVER01_Max_Verstappen/maxver01.png",
    "name": "Max Verstappen",
    "nationalityImage": "https://media.formula1.com/d_default_fallback_image.png/content/dam/fom-website/flags/Netherlands.jpg",
    "rank": "1",
    "team": "Red Bull Racing",
  },
  {
    "driverImage": "https://media.formula1.com/d_driver_fallback_image.png/content/dam/fom-website/drivers/C/CHALEC01_Charles_Leclerc/chalec01.png",
    "name": "Charles Leclerc",
    "nationalityImage": "https://media.formula1.com/d_default_fallback_image.png/content/dam/fom-website/flags/Monaco.jpg",
    "rank": "2",
    "team": "Ferrari",
  },
  {
    "driverImage": "https://media.formula1.com/d_driver_fallback_image.png/content/dam/fom-website/drivers/L/LANNOR01_Lando_Norris/lannor01.png",
    "name": "Lando Norris",
    "nationalityImage": "https://media.formula1.com/d_default_fallback_image.png/content/dam/fom-website/flags/United%20Kingdom.jpg",
    "rank": "3",
    "team": "McLaren",
  },
  {
    "driverImage": "https://media.formula1.com/d_driver_fallback_image.png/content/dam/fom-website/drivers/C/CARSAI01_Carlos_Sainz/carsai01.png",
    "name": "Carlos Sainz",
    "nationalityImage": "https://media.formula1.com/d_default_fallback_image.png/content/dam/fom-website/flags/Spain.jpg",
    "rank": "4",
    "team": "Ferrari",
  },
  {
    "driverImage": "https://media.formula1.com/d_driver_fallback_image.png/content/dam/fom-website/drivers/S/SERPER01_Sergio_Perez/serper01.png",
    "name": "Sergio Perez",
    "nationalityImage": "https://media.formula1.com/d_default_fallback_image.png/content/dam/fom-website/flags/Mexico.jpg",
    "rank": "5",
    "team": "Red Bull Racing",
  },
  {
    "driverImage": "https://media.formula1.com/d_driver_fallback_image.png/content/dam/fom-website/drivers/O/OSCPIA01_Oscar_Piastri/oscpia01.png",
    "name": "Oscar Piastri",
    "nationalityImage": "https://media.formula1.com/d_default_fallback_image.png/content/dam/fom-website/flags/Australia.jpg",
    "rank": "6",
    "team": "McLaren",
  },
  {
    "driverImage": "https://media.formula1.com/d_driver_fallback_image.png/content/dam/fom-website/drivers/G/GEORUS01_George_Russell/georus01.png",
    "name": "George Russell",
    "nationalityImage": "https://media.formula1.com/d_default_fallback_image.png/content/dam/fom-website/flags/United%20Kingdom.jpg",
    "rank": "7",
    "team": "Mercedes",
  },
  {
    "driverImage": "https://media.formula1.com/d_driver_fallback_image.png/content/dam/fom-website/drivers/L/LEWHAM01_Lewis_Hamilton/lewham01.png",
    "name": "Lewis Hamilton",
    "nationalityImage": "https://media.formula1.com/d_default_fallback_image.png/content/dam/fom-website/flags/United%20Kingdom.jpg",
    "rank": "8",
    "team": "Mercedes",
  },
  {
    "driverImage": "https://media.formula1.com/d_driver_fallback_image.png/content/dam/fom-website/drivers/F/FERALO01_Fernando_Alonso/feralo01.png",
    "name": "Fernando Alonso",
    "nationalityImage": "https://media.formula1.com/d_default_fallback_image.png/content/dam/fom-website/flags/Spain.jpg",
    "rank": "9",
    "team": "Aston Martin",
  },
  {
    "driverImage": "https://media.formula1.com/d_driver_fallback_image.png/content/dam/fom-website/drivers/Y/YUKTSU01_Yuki_Tsunoda/yuktsu01.png",
    "name": "Yuki Tsunoda",
    "nationalityImage": "https://media.formula1.com/d_default_fallback_image.png/content/dam/fom-website/flags/Japan.jpg",
    "rank": "10",
    "team": "RB",
  },
  {
    "driverImage": "https://media.formula1.com/d_driver_fallback_image.png/content/dam/fom-website/drivers/L/LANSTR01_Lance_Stroll/lanstr01.png",
    "name": "Lance Stroll",
    "nationalityImage": "https://media.formula1.com/d_default_fallback_image.png/content/dam/fom-website/flags/Canada.jpg",
    "rank": "11",
    "team": "Aston Martin",
  },
  {
    "driverImage": "https://media.formula1.com/d_driver_fallback_image.png/content/dam/fom-website/drivers/O/OLIBEA01_Oliver_Bearman/olibea01.png",
    "name": "Oliver Bearman",
    "nationalityImage": "https://media.formula1.com/d_default_fallback_image.png/content/dam/fom-website/flags/United%20Kingdom.jpg",
    "rank": "12",
    "team": "Ferrari",
  },
  {
    "driverImage": "https://media.formula1.com/d_driver_fallback_image.png/content/dam/fom-website/drivers/N/NICHUL01_Nico_Hulkenberg/nichul01.png",
    "name": "Nico Hulkenberg",
    "nationalityImage": "https://media.formula1.com/d_default_fallback_image.png/content/dam/fom-website/flags/Germany.jpg",
    "rank": "13",
    "team": "Haas",
  },
  {
    "driverImage": "https://media.formula1.com/d_driver_fallback_image.png/content/dam/fom-website/drivers/D/DANRIC01_Daniel_Ricciardo/danric01.png",
    "name": "Daniel Ricciardo",
    "nationalityImage": "https://media.formula1.com/d_default_fallback_image.png/content/dam/fom-website/flags/Australia.jpg",
    "rank": "14",
    "team": "RB",
  },
  {
    "driverImage": "https://media.formula1.com/d_driver_fallback_image.png/content/dam/fom-website/drivers/A/ALEALB01_Alexander_Albon/alealb01.png",
    "name": "Alexander Albon",
    "nationalityImage": "https://media.formula1.com/d_default_fallback_image.png/content/dam/fom-website/flags/Thailand.jpg",
    "rank": "15",
    "team": "Williams",
  },
  {
    "driverImage": "https://media.formula1.com/d_driver_fallback_image.png/content/dam/fom-website/drivers/E/ESTOCO01_Esteban_Ocon/estoco01.png",
    "name": "Esteban Ocon",
    "nationalityImage": "https://media.formula1.com/d_default_fallback_image.png/content/dam/fom-website/flags/France.jpg",
    "rank": "16",
    "team": "Alpine",
  },
  {
    "driverImage": "https://media.formula1.com/d_driver_fallback_image.png/content/dam/fom-website/drivers/K/KEVMAG01_Kevin_Magnussen/kevmag01.png",
    "name": "Kevin Magnussen",
    "nationalityImage": "https://media.formula1.com/d_default_fallback_image.png/content/dam/fom-website/flags/Denmark.jpg",
    "rank": "17",
    "team": "Haas",
  },
  {
    "driverImage": "https://media.formula1.com/d_driver_fallback_image.png/content/dam/fom-website/drivers/P/PIEGAS01_Pierre_Gasly/piegas01.png",
    "name": "Pierre Gasly",
    "nationalityImage": "https://media.formula1.com/d_default_fallback_image.png/content/dam/fom-website/flags/France.jpg",
    "rank": "18",
    "team": "Alpine",
  },
  {
    "driverImage": "https://media.formula1.com/d_driver_fallback_image.png/content/dam/fom-website/drivers/G/GUAZHO01_Guanyu_Zhou/guazho01.png",
    "name": "Zhou Guanyu",
    "nationalityImage": "https://media.formula1.com/d_default_fallback_image.png/content/dam/fom-website/flags/China.jpg",
    "rank": "19",
    "team": "Kick Sauber",
  },
  {
    "driverImage": "https://media.formula1.com/d_driver_fallback_image.png/content/dam/fom-website/drivers/V/VALBOT01_Valtteri_Bottas/valbot01.png",
    "name": "Valtteri Bottas",
    "nationalityImage": "https://media.formula1.com/d_default_fallback_image.png/content/dam/fom-website/flags/Finland.jpg",
    "rank": "20",
    "team": "Kick Sauber",
  },
  {
    "driverImage": "https://media.formula1.com/d_driver_fallback_image.png/content/dam/fom-website/drivers/L/LOGSAR01_Logan_Sargeant/logsar01.png",
    "name": "Logan Sargeant",
    "nationalityImage": "https://media.formula1.com/d_default_fallback_image.png/content/dam/fom-website/flags/United%20States.jpg",
    "rank": "21",
    "team": "Williams",
  },
]
`;
