// Jest Snapshot v1, https://goo.gl/fbAQLP

exports[`current driver lineup 1`] = `
[
  {
    "driverImage": "https://www.formula1.com/content/dam/fom-website/drivers/M/MAXVER01_Max_Verstappen/maxver01.png.transform/2col/image.png",
    "name": "Max Verstappen",
    "nationalityImage": "https://www.formula1.com/content/dam/fom-website/flags/Netherlands.jpg.transform/2col/image.jpg",
    "points": 391,
    "rank": 1,
    "team": "Red Bull Racing",
  },
  {
    "driverImage": "https://www.formula1.com/content/dam/fom-website/drivers/C/CHALEC01_Charles_Leclerc/chalec01.png.transform/2col/image.png",
    "name": "Charles Leclerc",
    "nationalityImage": "https://www.formula1.com/content/dam/fom-website/flags/Monaco.jpg.transform/2col/image.jpg",
    "points": 267,
    "rank": 2,
    "team": "Ferrari",
  },
  {
    "driverImage": "https://www.formula1.com/content/dam/fom-website/drivers/S/SERPER01_Sergio_Perez/serper01.png.transform/2col/image.png",
    "name": "Sergio Perez",
    "nationalityImage": "https://www.formula1.com/content/dam/fom-website/flags/Mexico.jpg.transform/2col/image.jpg",
    "points": 265,
    "rank": 3,
    "team": "Red Bull Racing",
  },
  {
    "driverImage": "https://www.formula1.com/content/dam/fom-website/drivers/G/GEORUS01_George_Russell/georus01.png.transform/2col/image.png",
    "name": "George Russell",
    "nationalityImage": "https://www.formula1.com/content/dam/fom-website/flags/United%20Kingdom.jpg.transform/2col/image.jpg",
    "points": 218,
    "rank": 4,
    "team": "Mercedes",
  },
  {
    "driverImage": "https://www.formula1.com/content/dam/fom-website/drivers/C/CARSAI01_Carlos_Sainz/carsai01.png.transform/2col/image.png",
    "name": "Carlos Sainz",
    "nationalityImage": "https://www.formula1.com/content/dam/fom-website/flags/Spain.jpg.transform/2col/image.jpg",
    "points": 202,
    "rank": 5,
    "team": "Ferrari",
  },
  {
    "driverImage": "https://www.formula1.com/content/dam/fom-website/drivers/L/LEWHAM01_Lewis_Hamilton/lewham01.png.transform/2col/image.png",
    "name": "Lewis Hamilton",
    "nationalityImage": "https://www.formula1.com/content/dam/fom-website/flags/United%20Kingdom.jpg.transform/2col/image.jpg",
    "points": 198,
    "rank": 6,
    "team": "Mercedes",
  },
  {
    "driverImage": "https://www.formula1.com/content/dam/fom-website/drivers/L/LANNOR01_Lando_Norris/lannor01.png.transform/2col/image.png",
    "name": "Lando Norris",
    "nationalityImage": "https://www.formula1.com/content/dam/fom-website/flags/United%20Kingdom.jpg.transform/2col/image.jpg",
    "points": 109,
    "rank": 7,
    "team": "McLaren",
  },
  {
    "driverImage": "https://www.formula1.com/content/dam/fom-website/drivers/E/ESTOCO01_Esteban_Ocon/estoco01.png.transform/2col/image.png",
    "name": "Esteban Ocon",
    "nationalityImage": "https://www.formula1.com/content/dam/fom-website/flags/France.jpg.transform/2col/image.jpg",
    "points": 79,
    "rank": 8,
    "team": "Alpine",
  },
  {
    "driverImage": "https://www.formula1.com/content/dam/fom-website/drivers/F/FERALO01_Fernando_Alonso/feralo01.png.transform/2col/image.png",
    "name": "Fernando Alonso",
    "nationalityImage": "https://www.formula1.com/content/dam/fom-website/flags/Spain.jpg.transform/2col/image.jpg",
    "points": 65,
    "rank": 9,
    "team": "Alpine",
  },
  {
    "driverImage": "https://www.formula1.com/content/dam/fom-website/drivers/V/VALBOT01_Valtteri_Bottas/valbot01.png.transform/2col/image.png",
    "name": "Valtteri Bottas",
    "nationalityImage": "https://www.formula1.com/content/dam/fom-website/flags/Finland.jpg.transform/2col/image.jpg",
    "points": 46,
    "rank": 10,
    "team": "Alfa Romeo",
  },
  {
    "driverImage": "https://www.formula1.com/content/dam/fom-website/drivers/S/SEBVET01_Sebastian_Vettel/sebvet01.png.transform/2col/image.png",
    "name": "Sebastian Vettel",
    "nationalityImage": "https://www.formula1.com/content/dam/fom-website/flags/Germany.jpg.transform/2col/image.jpg",
    "points": 38,
    "rank": 11,
    "team": "Aston Martin",
  },
  {
    "driverImage": "https://www.formula1.com/content/dam/fom-website/drivers/D/DANRIC01_Daniel_Ricciardo/danric01.png.transform/2col/image.png",
    "name": "Daniel Ricciardo",
    "nationalityImage": "https://www.formula1.com/content/dam/fom-website/flags/Australia.jpg.transform/2col/image.jpg",
    "points": 29,
    "rank": 12,
    "team": "McLaren",
  },
  {
    "driverImage": "https://www.formula1.com/content/dam/fom-website/drivers/K/KEVMAG01_Kevin_Magnussen/kevmag01.png.transform/2col/image.png",
    "name": "Kevin Magnussen",
    "nationalityImage": "https://www.formula1.com/content/dam/fom-website/flags/Denmark.jpg.transform/2col/image.jpg",
    "points": 26,
    "rank": 13,
    "team": "Haas F1 Team",
  },
  {
    "driverImage": "https://www.formula1.com/content/dam/fom-website/drivers/P/PIEGAS01_Pierre_Gasly/piegas01.png.transform/2col/image.png",
    "name": "Pierre Gasly",
    "nationalityImage": "https://www.formula1.com/content/dam/fom-website/flags/France.jpg.transform/2col/image.jpg",
    "points": 23,
    "rank": 14,
    "team": "AlphaTauri",
  },
  {
    "driverImage": "https://www.formula1.com/content/dam/fom-website/drivers/L/LANSTR01_Lance_Stroll/lanstr01.png.transform/2col/image.png",
    "name": "Lance Stroll",
    "nationalityImage": "https://www.formula1.com/content/dam/fom-website/flags/Canada.jpg.transform/2col/image.jpg",
    "points": 13,
    "rank": 15,
    "team": "Aston Martin",
  },
  {
    "driverImage": "https://www.formula1.com/content/dam/fom-website/drivers/Y/YUKTSU01_Yuki_Tsunoda/yuktsu01.png.transform/2col/image.png",
    "name": "Yuki Tsunoda",
    "nationalityImage": "https://www.formula1.com/content/dam/fom-website/flags/Japan.jpg.transform/2col/image.jpg",
    "points": 13,
    "rank": 16,
    "team": "AlphaTauri",
  },
  {
    "driverImage": "https://www.formula1.com/content/dam/fom-website/drivers/M/MICSCH02_Mick_Schumacher/micsch02.png.transform/2col/image.png",
    "name": "Mick Schumacher",
    "nationalityImage": "https://www.formula1.com/content/dam/fom-website/flags/Germany.jpg.transform/2col/image.jpg",
    "points": 12,
    "rank": 17,
    "team": "Haas F1 Team",
  },
  {
    "driverImage": "https://www.formula1.com/content/dam/fom-website/drivers/G/GUAZHO01_Guanyu_Zhou/guazho01.png.transform/2col/image.png",
    "name": "Guanyu Zhou",
    "nationalityImage": "https://www.formula1.com/content/dam/fom-website/flags/China.jpg.transform/2col/image.jpg",
    "points": 6,
    "rank": 18,
    "team": "Alfa Romeo",
  },
  {
    "driverImage": "https://www.formula1.com/content/dam/fom-website/drivers/A/ALEALB01_Alexander_Albon/alealb01.png.transform/2col/image.png",
    "name": "Alexander Albon",
    "nationalityImage": "https://www.formula1.com/content/dam/fom-website/flags/Thailand.jpg.transform/2col/image.jpg",
    "points": 4,
    "rank": 19,
    "team": "Williams",
  },
  {
    "driverImage": "https://www.formula1.com/content/dam/fom-website/drivers/N/NICLAF01_Nicholas_Latifi/niclaf01.png.transform/2col/image.png",
    "name": "Nicholas Latifi",
    "nationalityImage": "https://www.formula1.com/content/dam/fom-website/flags/Canada.jpg.transform/2col/image.jpg",
    "points": 2,
    "rank": 20,
    "team": "Williams",
  },
  {
    "driverImage": "https://www.formula1.com/content/dam/fom-website/drivers/N/NYCDEV01_Nyck_De%20Vries/nycdev01.png.transform/2col/image.png",
    "name": "Nyck De Vries",
    "nationalityImage": "https://www.formula1.com/content/dam/fom-website/flags/Netherlands.jpg.transform/2col/image.jpg",
    "points": 2,
    "rank": 21,
    "team": "Williams",
  },
  {
    "driverImage": "https://www.formula1.com/content/dam/fom-website/drivers/N/NICHUL01_Nico_Hulkenberg/nichul01.png.transform/2col/image.png",
    "name": "Nico Hulkenberg",
    "nationalityImage": "https://www.formula1.com/content/dam/fom-website/flags/Germany.jpg.transform/2col/image.jpg",
    "points": 0,
    "rank": 22,
    "team": "Aston Martin",
  },
]
`;
