// Jest Snapshot v1, https://goo.gl/fbAQLP

exports[`get race schedule 1`] = `
[
  {
    "date": "18-20",
    "eventTitle": "FORMULA 1 GULF AIR BAHRAIN GRAND PRIX 2022",
    "raceCountry": "Bahrain",
    "round": "ROUND 1",
    "trackMap": "https://media.formula1.com/content/dam/fom-website/2018-redesign-assets/Track%20icons%204x3/Bahrain%20carbon.png.transform/2col/image.png",
  },
  {
    "date": "25-27",
    "eventTitle": "FORMULA 1 STC SAUDI ARABIAN GRAND PRIX 2022",
    "raceCountry": "Saudi Arabia",
    "round": "ROUND 2",
    "trackMap": "https://media.formula1.com/content/dam/fom-website/2018-redesign-assets/Track%20icons%204x3/Saudi%20Arabia%20carbon.png.transform/2col/image.png",
  },
  {
    "date": "08-10",
    "eventTitle": "FORMULA 1 HEINEKEN AUSTRALIAN GRAND PRIX 2022",
    "raceCountry": "Australia",
    "round": "ROUND 3",
    "trackMap": "https://media.formula1.com/content/dam/fom-website/2018-redesign-assets/Track%20icons%204x3/Australia%20carbon.png.transform/2col/image.png",
  },
  {
    "date": "22-24",
    "eventTitle": "FORMULA 1 ROLEX GRAN PREMIO DEL MADE IN ITALY E DELL'EMILIA-ROMAGNA 2022",
    "raceCountry": "Emilia-Romagna",
    "round": "ROUND 4",
    "trackMap": "https://media.formula1.com/content/dam/fom-website/2018-redesign-assets/Track%20icons%204x3/Emilia-Romagna%20carbon.png.transform/2col/image.png",
  },
  {
    "date": "06-08",
    "eventTitle": "FORMULA 1 CRYPTO.COM MIAMI GRAND PRIX 2022",
    "raceCountry": "Miami",
    "round": "ROUND 5",
    "trackMap": "https://media.formula1.com/content/dam/fom-website/2018-redesign-assets/Track%20icons%204x3/Miami%20carbon.png.transform/2col/image.png",
  },
  {
    "date": "20-22",
    "eventTitle": "FORMULA 1 PIRELLI GRAN PREMIO DE ESPAÑA 2022",
    "raceCountry": "Spain",
    "round": "ROUND 6",
    "trackMap": "https://media.formula1.com/content/dam/fom-website/2018-redesign-assets/Track%20icons%204x3/Spain%20carbon.png.transform/2col/image.png",
  },
  {
    "date": "27-29",
    "eventTitle": "FORMULA 1 GRAND PRIX DE MONACO 2022",
    "raceCountry": "Monaco",
    "round": "ROUND 7",
    "trackMap": "https://media.formula1.com/content/dam/fom-website/2018-redesign-assets/Track%20icons%204x3/Monaco%20carbon.png.transform/2col/image.png",
  },
  {
    "date": "10-12",
    "eventTitle": "FORMULA 1 AZERBAIJAN GRAND PRIX 2022",
    "raceCountry": "Azerbaijan",
    "round": "ROUND 8",
    "trackMap": "https://media.formula1.com/content/dam/fom-website/2018-redesign-assets/Track%20icons%204x3/Azerbaijan%20carbon.png.transform/2col/image.png",
  },
  {
    "date": "17-19",
    "eventTitle": "FORMULA 1 AWS GRAND PRIX DU CANADA 2022",
    "raceCountry": "Canada",
    "round": "ROUND 9",
    "trackMap": "https://media.formula1.com/content/dam/fom-website/2018-redesign-assets/Track%20icons%204x3/Canada%20carbon.png.transform/2col/image.png",
  },
  {
    "date": "01-03",
    "eventTitle": "FORMULA 1 LENOVO BRITISH GRAND PRIX 2022",
    "raceCountry": "Great Britain",
    "round": "ROUND 10",
    "trackMap": "https://media.formula1.com/content/dam/fom-website/2018-redesign-assets/Track%20icons%204x3/Great%20Britain%20carbon.png.transform/2col/image.png",
  },
  {
    "date": "08-10",
    "eventTitle": "FORMULA 1 ROLEX GROSSER PREIS VON ÖSTERREICH 2022",
    "raceCountry": "Austria",
    "round": "ROUND 11",
    "trackMap": "https://media.formula1.com/content/dam/fom-website/2018-redesign-assets/Track%20icons%204x3/Austria%20carbon.png.transform/2col/image.png",
  },
  {
    "date": "22-24",
    "eventTitle": "FORMULA 1 LENOVO GRAND PRIX DE FRANCE 2022",
    "raceCountry": "France",
    "round": "ROUND 12",
    "trackMap": "https://media.formula1.com/content/dam/fom-website/2018-redesign-assets/Track%20icons%204x3/France%20carbon.png.transform/2col/image.png",
  },
  {
    "date": "29-31",
    "eventTitle": "FORMULA 1 ARAMCO MAGYAR NAGYDÍJ 2022",
    "raceCountry": "Hungary",
    "round": "ROUND 13",
    "trackMap": "https://media.formula1.com/content/dam/fom-website/2018-redesign-assets/Track%20icons%204x3/Hungary%20carbon.png.transform/2col/image.png",
  },
  {
    "date": "26-28",
    "eventTitle": "FORMULA 1 ROLEX BELGIAN GRAND PRIX 2022",
    "raceCountry": "Belgium",
    "round": "ROUND 14",
    "trackMap": "https://media.formula1.com/content/dam/fom-website/2018-redesign-assets/Track%20icons%204x3/Belgium%20carbon.png.transform/2col/image.png",
  },
  {
    "date": "02-04",
    "eventTitle": "FORMULA 1 HEINEKEN DUTCH GRAND PRIX 2022",
    "raceCountry": "Netherlands",
    "round": "ROUND 15",
    "trackMap": "https://media.formula1.com/content/dam/fom-website/2018-redesign-assets/Track%20icons%204x3/Netherlands%20carbon.png.transform/2col/image.png",
  },
  {
    "date": "09-11",
    "eventTitle": "FORMULA 1 PIRELLI GRAN PREMIO D’ITALIA 2022",
    "raceCountry": "Italy",
    "round": "ROUND 16",
    "trackMap": "https://media.formula1.com/content/dam/fom-website/2018-redesign-assets/Track%20icons%204x3/Italy%20carbon.png.transform/2col/image.png",
  },
  {
    "date": "30-02",
    "eventTitle": "FORMULA 1 SINGAPORE AIRLINES SINGAPORE GRAND PRIX 2022",
    "raceCountry": "Singapore",
    "round": "ROUND 17",
    "trackMap": "https://media.formula1.com/content/dam/fom-website/2018-redesign-assets/Track%20icons%204x3/Singapore%20carbon.png.transform/2col/image.png",
  },
  {
    "date": "07-09",
    "eventTitle": "FORMULA 1 HONDA JAPANESE GRAND PRIX 2022",
    "raceCountry": "Japan",
    "round": "ROUND 18",
    "trackMap": "https://media.formula1.com/content/dam/fom-website/2018-redesign-assets/Track%20icons%204x3/Japan%20carbon.png.transform/2col/image.png",
  },
  {
    "date": "21-23",
    "eventTitle": "FORMULA 1 ARAMCO UNITED STATES GRAND PRIX 2022",
    "raceCountry": "United States",
    "round": "ROUND 19",
    "trackMap": "https://media.formula1.com/content/dam/fom-website/2018-redesign-assets/Track%20icons%204x3/United%20States%20carbon.png.transform/2col/image.png",
  },
  {
    "date": "28-30",
    "eventTitle": "FORMULA 1 HEINEKEN GRAN PREMIO DE LA CIUDAD DE MÉXICO 2022",
    "raceCountry": "Mexico",
    "round": "ROUND 20",
    "trackMap": "https://media.formula1.com/content/dam/fom-website/2018-redesign-assets/Track%20icons%204x3/Mexico%20carbon.png.transform/2col/image.png",
  },
  {
    "date": "11-13",
    "eventTitle": "FORMULA 1 HEINEKEN GRANDE PRÊMIO DE SÃO PAULO 2022",
    "raceCountry": "Brazil",
    "round": "ROUND 21",
    "trackMap": "https://media.formula1.com/content/dam/fom-website/2018-redesign-assets/Track%20icons%204x3/Brazil%20carbon.png.transform/2col/image.png",
  },
  {
    "date": "18-20",
    "eventTitle": "FORMULA 1 ETIHAD AIRWAYS ABU DHABI GRAND PRIX 2022",
    "raceCountry": "Abu Dhabi",
    "round": "ROUND 22",
    "trackMap": "https://media.formula1.com/content/dam/fom-website/2018-redesign-assets/Track%20icons%204x3/Abu%20Dhabi%20carbon.png.transform/2col/image.png",
  },
]
`;
