// Jest Snapshot v1, https://goo.gl/fbAQLP

exports[`current teams data 1`] = `
[
  {
    "carImage": "https://media.formula1.com/image/upload/c_lfill,h_224/q_auto/d_common:f1:2025:fallback:car:2025fallbackcarright.webp/v1740000000/common/f1/2025/mclaren/2025mclarencarright.webp",
    "carLogo": "https://media.formula1.com/image/upload/c_lfill,w_48/q_auto/v1740000000/common/f1/2025/mclaren/2025mclarenlogowhite.webp",
    "drivers": [
      "Oscar Piastri",
      "Lando Norris",
    ],
    "name": "McLaren",
    "points": 374,
  },
  {
    "carImage": "https://media.formula1.com/image/upload/c_lfill,h_224/q_auto/d_common:f1:2025:fallback:car:2025fallbackcarright.webp/v1740000000/common/f1/2025/mercedes/2025mercedescarright.webp",
    "carLogo": "https://media.formula1.com/image/upload/c_lfill,w_48/q_auto/v1740000000/common/f1/2025/mercedes/2025mercedeslogowhite.webp",
    "drivers": [
      "George Russell",
      "Kimi Antonelli",
    ],
    "name": "Mercedes",
    "points": 199,
  },
  {
    "carImage": "https://media.formula1.com/image/upload/c_lfill,h_224/q_auto/d_common:f1:2025:fallback:car:2025fallbackcarright.webp/v1740000000/common/f1/2025/ferrari/2025ferraricarright.webp",
    "carLogo": "https://media.formula1.com/image/upload/c_lfill,w_48/q_auto/v1740000000/common/f1/2025/ferrari/2025ferrarilogowhite.webp",
    "drivers": [
      "Charles Leclerc",
      "Lewis Hamilton",
    ],
    "name": "Ferrari",
    "points": 183,
  },
  {
    "carImage": "https://media.formula1.com/image/upload/c_lfill,h_224/q_auto/d_common:f1:2025:fallback:car:2025fallbackcarright.webp/v1740000000/common/f1/2025/redbullracing/2025redbullracingcarright.webp",
    "carLogo": "https://media.formula1.com/image/upload/c_lfill,w_48/q_auto/v1740000000/common/f1/2025/redbullracing/2025redbullracinglogowhite.webp",
    "drivers": [
      "Max Verstappen",
      "Yuki Tsunoda",
    ],
    "name": "Red Bull Racing",
    "points": 162,
  },
  {
    "carImage": "https://media.formula1.com/image/upload/c_lfill,h_224/q_auto/d_common:f1:2025:fallback:car:2025fallbackcarright.webp/v1740000000/common/f1/2025/williams/2025williamscarright.webp",
    "carLogo": "https://media.formula1.com/image/upload/c_lfill,w_48/q_auto/v1740000000/common/f1/2025/williams/2025williamslogowhite.webp",
    "drivers": [
      "Alexander Albon",
      "Carlos Sainz",
    ],
    "name": "Williams",
    "points": 55,
  },
  {
    "carImage": "https://media.formula1.com/image/upload/c_lfill,h_224/q_auto/d_common:f1:2025:fallback:car:2025fallbackcarright.webp/v1740000000/common/f1/2025/haas/2025haascarright.webp",
    "carLogo": "https://media.formula1.com/image/upload/c_lfill,w_48/q_auto/v1740000000/common/f1/2025/haas/2025haaslogowhite.webp",
    "drivers": [
      "Esteban Ocon",
      "Oliver Bearman",
    ],
    "name": "Haas",
    "points": 28,
  },
  {
    "carImage": "https://media.formula1.com/image/upload/c_lfill,h_224/q_auto/d_common:f1:2025:fallback:car:2025fallbackcarright.webp/v1740000000/common/f1/2025/racingbulls/2025racingbullscarright.webp",
    "carLogo": "https://media.formula1.com/image/upload/c_lfill,w_48/q_auto/v1740000000/common/f1/2025/racingbulls/2025racingbullslogowhite.webp",
    "drivers": [
      "Liam Lawson",
      "Isack Hadjar",
    ],
    "name": "Racing Bulls",
    "points": 28,
  },
  {
    "carImage": "https://media.formula1.com/image/upload/c_lfill,h_224/q_auto/d_common:f1:2025:fallback:car:2025fallbackcarright.webp/v1740000000/common/f1/2025/astonmartin/2025astonmartincarright.webp",
    "carLogo": "https://media.formula1.com/image/upload/c_lfill,w_48/q_auto/v1740000000/common/f1/2025/astonmartin/2025astonmartinlogowhite.webp",
    "drivers": [
      "Lance Stroll",
      "Fernando Alonso",
    ],
    "name": "Aston Martin",
    "points": 22,
  },
  {
    "carImage": "https://media.formula1.com/image/upload/c_lfill,h_224/q_auto/d_common:f1:2025:fallback:car:2025fallbackcarright.webp/v1740000000/common/f1/2025/kicksauber/2025kicksaubercarright.webp",
    "carLogo": "https://media.formula1.com/image/upload/c_lfill,w_48/q_auto/v1740000000/common/f1/2025/kicksauber/2025kicksauberlogowhite.webp",
    "drivers": [
      "Nico Hulkenberg",
      "Gabriel Bortoleto",
    ],
    "name": "Kick Sauber",
    "points": 20,
  },
  {
    "carImage": "https://media.formula1.com/image/upload/c_lfill,h_224/q_auto/d_common:f1:2025:fallback:car:2025fallbackcarright.webp/v1740000000/common/f1/2025/alpine/2025alpinecarright.webp",
    "carLogo": "https://media.formula1.com/image/upload/c_lfill,w_48/q_auto/v1740000000/common/f1/2025/alpine/2025alpinelogowhite.webp",
    "drivers": [
      "Pierre Gasly",
      "Franco Colapinto",
    ],
    "name": "Alpine",
    "points": 11,
  },
]
`;
